%type _:Java = (inputMetadata:{
  "message" : @typeId("value" : "org.mule.runtime.api.message.Message") {
    "payload" : {
      "Description"? : String, 
      "Size"? : @enum("values" : ["small","large","medium"]) String & String, 
      "Color"? : String, 
      "Id"? : @int Number, 
      "Code"? : String
    }, 
    "attributes" : {
      "clientCertificate"? : {
        "publicKey"? : {

        }, 
        "type"? : String, 
        "encoded"? : Binary
      }, 
      "headers" : {

      }, 
      "listenerPath" : String, 
      "method" : String, 
      "queryParams" : {

      }, 
      "queryString" : String, 
      "relativePath" : String, 
      "remoteAddress" : String, 
      "requestPath" : String, 
      "requestUri" : String, 
      "scheme" : String, 
      "uriParams" : {
        "itemId"? : @range("from" : 0) @int Number
      }, 
      "version" : String, 
      "localAddress" : String
    }
  }, 
  "variables" : {

  }
}) -> {
  "message" : @typeId("value" : "org.mule.runtime.api.message.Message") {
    "payload" : {
      "items"? : [{
          "code"? : String, 
          "color"? : String, 
          "size"? : String, 
          "description"? : String, 
          "id"? : Number, 
          * : Any
        }], 
      * : Any
    }
  }, 
  "variables" : {
    "outboundHeaders" : {

    }, 
    "httpStatus" : String
  }
}