%type _:Java = (inputMetadata:{
  "message" : @typeId("value" : "org.mule.runtime.api.message.Message") {
    "payload" : Any, 
    "attributes" : {
      "clientCertificate"? : {
        "publicKey"? : {

        }, 
        "type"? : String, 
        "encoded"? : Binary
      }, 
      "headers" : {

      }, 
      "listenerPath" : String, 
      "method" : String, 
      "queryParams" : {
        "code" : @length("min" : 3, "max" : 10) String, 
        "size" : @enum("values" : ["small","medium","large"]) @default("value" : "medium") String, 
        "color"? : String, 
        "description"? : String
      }, 
      "queryString" : String, 
      "relativePath" : String, 
      "remoteAddress" : String, 
      "requestPath" : String, 
      "requestUri" : String, 
      "scheme" : String, 
      "uriParams" : {

      }, 
      "version" : String, 
      "localAddress" : String
    }
  }, 
  "variables" : {

  }
}) -> {
  "message" : @typeId("value" : "org.mule.runtime.api.message.Message") {
    "payload" : @typeId("value" : "http://jsonschema.net") {
      "clients"? : @typeId("value" : "http://jsonschema.net/clients") [@typeId("value" : "http://jsonschema.net/clients/0") {
          "code"? : String, 
          "name"? : String, 
          "id"? : Number, 
          * : Any
        }], 
      * : Any
    }
  }, 
  "variables" : {
    "outboundHeaders" : {

    }, 
    "httpStatus" : String
  }
}