%type _:Java = (inputMetadata:{
  "message" : @typeId("value" : "org.mule.runtime.api.message.Message") {
    "payload" : Any, 
    "attributes" : {
      "clientCertificate"? : {
        "publicKey"? : {

        }, 
        "type"? : String, 
        "encoded"? : Binary
      }, 
      "headers" : {

      }, 
      "listenerPath" : String, 
      "method" : String, 
      "queryParams" : {

      }, 
      "queryString" : String, 
      "relativePath" : String, 
      "remoteAddress" : String, 
      "requestPath" : String, 
      "requestUri" : String, 
      "scheme" : String, 
      "uriParams" : {

      }, 
      "version" : String, 
      "localAddress" : String
    }
  }, 
  "variables" : {

  }
}) -> {
  "message" : @typeId("value" : "org.mule.runtime.api.message.Message") {
    "payload" : @typeId("value" : "http://jsonschema.net") {
      "providers"? : @typeId("value" : "http://jsonschema.net/providers") [@typeId("value" : "http://jsonschema.net/providers/0") {
          "address"? : @typeId("value" : "http://jsonschema.net/providers/0/address") [@typeId("value" : "http://jsonschema.net/providers/0/address/0") {
              "number"? : Number, 
              "street"? : String, 
              "floor"? : String, 
              * : Any
            }], 
          "code" : String, 
          "phone"? : @typeId("value" : "http://jsonschema.net/providers/0/phone") [@typeId("value" : "http://jsonschema.net/providers/0/phone/0") {
              "business"? : String, 
              "personal"? : String, 
              "cellPhone"? : String, 
              * : Any
            }], 
          "name" : String, 
          "id"? : Number, 
          * : Any
        }], 
      * : Any
    }
  }, 
  "variables" : {
    "outboundHeaders" : {

    }, 
    "httpStatus" : String
  }
}