%type _:Java = (inputMetadata:{
  "message" : @typeId("value" : "org.mule.runtime.api.message.Message") {
    "payload" : Any, 
    "attributes" : {
      "clientCertificate"? : {
        "publicKey"? : {

        }, 
        "type"? : String, 
        "encoded"? : Binary
      }, 
      "headers" : {

      }, 
      "listenerPath" : String, 
      "method" : String, 
      "queryParams" : {

      }, 
      "queryString" : String, 
      "relativePath" : String, 
      "remoteAddress" : String, 
      "requestPath" : String, 
      "requestUri" : String, 
      "scheme" : String, 
      "uriParams" : {
        "username" : String
      }, 
      "version" : String, 
      "localAddress" : String
    }
  }, 
  "variables" : {

  }
}) -> {
  "message" : @typeId("value" : "org.mule.runtime.api.message.Message") {
    "payload" : {
      "firstName"? : String, 
      "lastName"? : String, 
      "password"? : String, 
      "userStatus"? : @range("from" : -2147483648, "to" : 2147483647) @int Number, 
      "phone"? : String, 
      "id"? : @range("from" : -9.223372036854776E18, "to" : 9.223372036854776E18) @int Number, 
      "email"? : String, 
      "username"? : String
    }
  }, 
  "variables" : {
    "outboundHeaders" : {

    }, 
    "httpStatus" : String
  }
}