%type _:Java = (inputMetadata:{
  "message" : @typeId("value" : "org.mule.runtime.api.message.Message") {
    "payload" : Any, 
    "attributes" : {
      "clientCertificate"? : {
        "publicKey"? : {

        }, 
        "type"? : String, 
        "encoded"? : Binary
      }, 
      "headers" : {

      }, 
      "listenerPath" : String, 
      "method" : String, 
      "queryParams" : {

      }, 
      "queryString" : String, 
      "relativePath" : String, 
      "remoteAddress" : String, 
      "requestPath" : String, 
      "requestUri" : String, 
      "scheme" : String, 
      "uriParams" : {
        "petId" : @range("from" : -9.223372036854776E18, "to" : 9.223372036854776E18) @int Number
      }, 
      "version" : String, 
      "localAddress" : String
    }
  }, 
  "variables" : {

  }
}) -> {
  "message" : @typeId("value" : "org.mule.runtime.api.message.Message") {
    "payload" : {
      "photoUrls" : [String], 
      "name" : String, 
      "id"? : @range("from" : -9.223372036854776E18, "to" : 9.223372036854776E18) @int Number, 
      "category"? : {
        "name" : String, 
        "id" : @range("from" : -9.223372036854776E18, "to" : 9.223372036854776E18) @int Number, 
        * : Any
      }, 
      "tags"? : [{
          "id" : @range("from" : -9.223372036854776E18, "to" : 9.223372036854776E18) @int Number, 
          * : Any
        }], 
      "status"? : @enum("values" : ["sold","pending","available"]) String
    }
  }, 
  "variables" : {
    "outboundHeaders" : {

    }, 
    "httpStatus" : String
  }
}