%type _:Java = (inputMetadata:{
  "message" : @typeId("value" : "org.mule.runtime.api.message.Message") {
    "payload" : @description("value" : "JSON representation of /etc/fstab") @label("value" : "/etc/fstab") {
      "swap" : @description("value" : "An fstab entry") @label("value" : "mntent") {
        "fsck"? : @range("from" : 0) @int Number, 
        "options"? : @length("min" : 1) [String], 
        "dump"? : @range("from" : 0) @int Number, 
        "device" : String, 
        "fstype" : String, 
        * : Any
      }, 
      "/" : Any, 
      /^/([^/]+(/[^/]+)*)?$/? : @description("value" : "An fstab entry") @label("value" : "mntent") {
        "fsck"? : @range("from" : 0) @int Number, 
        "options"? : @length("min" : 1) [String], 
        "dump"? : @range("from" : 0) @int Number, 
        "device" : String, 
        "fstype" : String, 
        * : Any
      }
    }, 
    "attributes" : {
      "clientCertificate"? : {
        "publicKey"? : {

        }, 
        "type"? : String, 
        "encoded"? : Binary
      }, 
      "headers" : {

      }, 
      "listenerPath" : String, 
      "method" : String, 
      "queryParams" : {

      }, 
      "queryString" : String, 
      "relativePath" : String, 
      "remoteAddress" : String, 
      "requestPath" : String, 
      "requestUri" : String, 
      "scheme" : String, 
      "uriParams" : {

      }, 
      "version" : String, 
      "localAddress" : String
    }
  }, 
  "variables" : {

  }
}) -> {
  "message" : @typeId("value" : "org.mule.runtime.api.message.Message") {
    "payload" : Any
  }, 
  "variables" : {
    "outboundHeaders" : {

    }, 
    "httpStatus" : String
  }
}