%type _:Java = (inputMetadata:{
  "message" : @typeId("value" : "org.mule.runtime.api.message.Message") {
    "payload" : @typeId("value" : "#root:{http://mulesoft.org/schemas/sample}user") {
      "{http://mulesoft.org/schemas/sample}user" @("firstName" : String, "lastName" : String, "username" : String) : @typeId("value" : "{http://mulesoft.org/schemas/sample}user") {{
        "{http://mulesoft.org/schemas/sample}email-addresses" : @typeId("value" : "{http://mulesoft.org/schemas/sample}#AnonType_email-addressesuser") {{
          "{http://mulesoft.org/schemas/sample}email-address"* : String
        }}
      }}
    }, 
    "attributes" : {
      "clientCertificate"? : {
        "publicKey"? : {

        }, 
        "type"? : String, 
        "encoded"? : Binary
      }, 
      "headers" : {

      }, 
      "listenerPath" : String, 
      "method" : String, 
      "queryParams" : {

      }, 
      "queryString" : String, 
      "relativePath" : String, 
      "remoteAddress" : String, 
      "requestPath" : String, 
      "requestUri" : String, 
      "scheme" : String, 
      "uriParams" : {

      }, 
      "version" : String, 
      "localAddress" : String
    }
  }, 
  "variables" : {

  }
}) -> {
  "message" : @typeId("value" : "org.mule.runtime.api.message.Message") {
    "payload" : Any
  }, 
  "variables" : {
    "outboundHeaders" : {

    }, 
    "httpStatus" : String
  }
}