%type _:Java = (inputMetadata:{
  "message" : @typeId("value" : "org.mule.runtime.api.message.Message") {
    "payload" : @typeId("value" : "#root:calendar") @example("value" : "&lt;calendar&gt;
   &lt;items&gt;
      &lt;event&gt;
         &lt;id&gt;1234&lt;/id&gt;
      &lt;/event&gt;
      &lt;event&gt;
         &lt;id&gt;abcd&lt;/id&gt;
      &lt;/event&gt;
      &lt;event&gt;
         &lt;id&gt;0987&lt;/id&gt;
      &lt;/event&gt;
   &lt;/items&gt;
&lt;/calendar&gt;
") {
      "calendar" : @typeId("value" : "#AnonType_calendar") {{
        "items" : @typeId("value" : "#AnonType_itemscalendar") {{
          "event"?* : @typeId("value" : "#AnonType_eventitemscalendar") {{
            "id" : @enum("values" : ["1234","abcd","0987"]) String
          }}
        }}
      }}
    }, 
    "attributes" : {
      "clientCertificate"? : {
        "publicKey"? : {

        }, 
        "type"? : String, 
        "encoded"? : Binary
      }, 
      "headers" : {

      }, 
      "listenerPath" : String, 
      "method" : String, 
      "queryParams" : {

      }, 
      "queryString" : String, 
      "relativePath" : String, 
      "remoteAddress" : String, 
      "requestPath" : String, 
      "requestUri" : String, 
      "scheme" : String, 
      "uriParams" : {

      }, 
      "version" : String, 
      "localAddress" : String
    }
  }, 
  "variables" : {

  }
}) -> {
  "message" : @typeId("value" : "org.mule.runtime.api.message.Message") {
    "payload" : Any
  }, 
  "variables" : {
    "outboundHeaders" : {

    }, 
    "httpStatus" : String
  }
}